secret_type,secret_type_display_name,secret,path,start_line,end_line,start_column,end_column
"spring_sql_passwords","Spring SQL Passwords","7c7853e3659d1c01e65f3cb460ac07d079288bfa5bc21aae3d31fe01a0814278","configs/application.properties","31","31","28","34",
"spring_sql_passwords","Spring SQL Passwords","622a494d3ea8c7ba2fed4f37909f14d9b50ab412322de39be62c8d6c2418bfca","configs/application.properties","25","25","1","7",
"spring_sql_passwords","Spring SQL Passwords","90ff950e50d23ac032cf5705fc9b783fcf9c9a3d324b0c5e845a79da54d42ead","configs/application.properties","12","12","28","45",
"spring_sql_passwords","Spring SQL Passwords","4813494d137e1631bba301d5acab6e7bb7aa74ce1185d456565ef51d737677b2","configs/application.properties","10","10","30","34",
