secret_type,secret_type_display_name,secret,path,start_line,end_line,start_column,end_column
"generic_rsa_keys","Generic RSA keys","e11cbf5a9ff8ddfad4406b45ccb07d3af39bbbac1f2c2ef43968d8a88670d7f7","rsa/rsa.js","3","3","24","898",
"generic_rsa_keys","Generic RSA keys","aa0ecbfe194925a35a44b1c801ac58fececb6ee9e7f2480c0598f4cb33235908","ssh/ssh_rsa","1","39","4","31",
"generic_rsa_keys","Generic RSA keys","aa0ecbfe194925a35a44b1c801ac58fececb6ee9e7f2480c0598f4cb33235908","rsa/ssh_rsa","1","39","4","31",
