secret_type,secret_type_display_name,secret,path,start_line,end_line,start_column,end_column
"hardcoded_internal_urls","Hardcoded Internal URLs","100680ad546ce6a577f42f52df33b4cfdca756859e664b8d7de329b150d09ce9","uri/email.js","7","7","14","33",
